Source map error: JSON.parse: unexpected character at line 1 column 1 of the JSON data
Resource URL: http://localhost:8080/%3Canonymous%20code%3E
Source Map URL: installHook.js.map
[vite] connecting... client:733:9
[vite] connected. client:827:12
Source map error: can't access property "sources", map is undefined
Resource URL: http://localhost:8080/%3Canonymous%20code%3E
Source Map URL: react_devtools_backend_compact.js.map
